--------------------------------------------------------------------------------------
Timing Analyzer Summary
--------------------------------------------------------------------------------------

Type           : Worst-case tsu
Slack          : N/A
Required Time  : None
Actual Time    : 1.447 ns
From           : altera_internal_jtag~TMSUTAP
To             : sld_hub:sld_hub_inst|sld_dffex:IRF_ENA_0|Q[0]
From Clock     : --
To Clock       : altera_internal_jtag~TCKUTAP
Failed Paths   : 0

Type           : Worst-case tco
Slack          : N/A
Required Time  : None
Actual Time    : 9.967 ns
From           : mcu:inst|led_pio:the_led_pio|data_out[0]
To             : led[0]
From Clock     : clk
To Clock       : --
Failed Paths   : 0

Type           : Worst-case tpd
Slack          : N/A
Required Time  : None
Actual Time    : 3.056 ns
From           : altera_internal_jtag~TDO
To             : altera_reserved_tdo
From Clock     : --
To Clock       : --
Failed Paths   : 0

Type           : Worst-case th
Slack          : N/A
Required Time  : None
Actual Time    : 1.941 ns
From           : altera_internal_jtag~TDIUTAP
To             : sld_hub:sld_hub_inst|lpm_shiftreg:jtag_ir_register|dffs[9]
From Clock     : --
To Clock       : altera_internal_jtag~TCKUTAP
Failed Paths   : 0

Type           : Clock Setup: 'clk'
Slack          : N/A
Required Time  : None
Actual Time    : 72.21 MHz ( period = 13.849 ns )
From           : mcu:inst|cpu:the_cpu|M_ctrl_shift_rot
To             : mcu:inst|cpu:the_cpu|M_pipe_flush
From Clock     : clk
To Clock       : clk
Failed Paths   : 0

Type           : Clock Setup: 'altera_internal_jtag~TCKUTAP'
Slack          : N/A
Required Time  : None
Actual Time    : 147.15 MHz ( period = 6.796 ns )
From           : sld_hub:sld_hub_inst|jtag_debug_mode_usr1
To             : sld_hub:sld_hub_inst|hub_tdo_reg
From Clock     : altera_internal_jtag~TCKUTAP
To Clock       : altera_internal_jtag~TCKUTAP
Failed Paths   : 0

Type           : Total number of failed paths
Slack          : 
Required Time  : 
Actual Time    : 
From           : 
To             : 
From Clock     : 
To Clock       : 
Failed Paths   : 0

--------------------------------------------------------------------------------------

